[arsem.com.ar/index.html]
[backblue.gif]
[fade.gif]
[index.html]
[arsem.com.ar/images/favicon.ico]
[arsem.com.ar/css/bootstrap.min.css]
[arsem.com.ar/css/arsem.css]
[maxcdn.bootstrapcdn.com/font-awesome/4.4.0/css/font-awesome.min.css]
[arsem.com.ar/font-awesome/css/font-awesome.min.css]
[arsem.com.ar/index-2.html]
[arsem.com.ar/images/logo-arsem.png]
[arsem.com.ar/higiene-y-seguridad.html]
[arsem.com.ar/seguridad-en-la-construccion.html]
[arsem.com.ar/consorcios.html]
[arsem.com.ar/planes-de-evacuacion.html]
[arsem.com.ar/medio-ambiente.html]
[arsem.com.ar/clientes.html]
[arsem.com.ar/contacto.html]
[arsem.com.ar/images/slider1.jpg]
[arsem.com.ar/images/slider2.jpg]
[arsem.com.ar/images/slider3.jpg]
[arsem.com.ar/images/slider4.jpg]
[arsem.com.ar/images/slider5.jpg]
[arsem.com.ar/images/higiene-y-seguridad.jpg]
[arsem.com.ar/images/seguridad-en-la-construccion.jpg]
[arsem.com.ar/images/consorcios.jpg]
[arsem.com.ar/images/planes-de-evacuacion.jpg]
[arsem.com.ar/images/medio-ambiente.jpg]
[arsem.com.ar/images/seguridad-en-la-construccion-big.jpg]
[arsem.com.ar/js/jquery.js]
[arsem.com.ar/js/bootstrap.min.js]
[arsem.com.ar/js/agency.js]
[arsem.com.ar/dist/js/bind-polyfill.js]
[arsem.com.ar/dist/js/smooth-scroll.js]
[cdnjs.cloudflare.com/ajax/libs/jquery-easing/1.3/jquery.easing.min.js]
[arsem.com.ar/js/classie.js]
[arsem.com.ar/js/cbpAnimatedHeader.js]
[arsem.com.ar/js/jquery.easing.min.js]
[arsem.com.ar/js/scrolling-nav.js]
[www.google-analytics.com/analytics.js]
[arsem.com.ar/index.html]
[fonts.googleapis.com/css13b7.css]
[v2.zopim.com/index656a.html]
[arsem.com.ar/index-2.html]
[arsem.com.ar/servicios.html]
[arsem.com.ar/images/higiene-y-seguridad-big.jpg]
[arsem.com.ar/contacto-2.html]
[arsem.com.ar/higiene-y-seguridad.html]
[arsem.com.ar/seguridad-en-la-construccion.html]
[arsem.com.ar/images/consorcios-big.jpg]
[arsem.com.ar/consorcios.html]
[arsem.com.ar/images/planes-de-evacuacion-big.jpg]
[arsem.com.ar/planes-de-evacuacion.html]
[arsem.com.ar/images/medio-ambiente-big.jpg]
[arsem.com.ar/images/consultoria-ambiental/acumar.jpg]
[arsem.com.ar/images/consultoria-ambiental/secretaria-de-ambiente.jpg]
[arsem.com.ar/images/consultoria-ambiental/opds.jpg]
[arsem.com.ar/images/consultoria-ambiental/agencia.jpg]
[arsem.com.ar/images/consultoria-ambiental/ada.jpg]
[arsem.com.ar/images/consultoria-ambiental/ina.jpg]
[arsem.com.ar/images/consultoria-ambiental/aysa.jpg]
[arsem.com.ar/images/consultoria-ambiental/minicipios.jpg]
[arsem.com.ar/medio-ambiente.html]
[arsem.com.ar/images/clientes/empresas/ypf.jpg]
[arsem.com.ar/images/clientes/empresas/fuerza-aerea-argentina.jpg]
[arsem.com.ar/images/clientes/empresas/agn.jpg]
[arsem.com.ar/images/clientes/empresas/grupo-modena.jpg]
[arsem.com.ar/images/clientes/empresas/ford.jpg]
[arsem.com.ar/images/clientes/empresas/sat.jpg]
[arsem.com.ar/images/clientes/empresas/distribuidora-rojo.jpg]
[arsem.com.ar/images/clientes/empresas/cartoneria-san-jose.jpg]
[arsem.com.ar/images/clientes/empresas/sanatorio-modelo-quilmes.jpg]
[arsem.com.ar/images/clientes/empresas/helipower.jpg]
[arsem.com.ar/images/clientes/empresas/argentum.jpg]
[arsem.com.ar/images/clientes/empresas/la-avenida.jpg]
[arsem.com.ar/images/clientes/empresas/enredados.jpg]
[arsem.com.ar/images/clientes/empresas/fibraplas.jpg]
[arsem.com.ar/images/clientes/empresas/insectarios.jpg]
[arsem.com.ar/images/clientes/empresas/iros.jpg]
[arsem.com.ar/images/clientes/empresas/los-caprices.jpg]
[arsem.com.ar/images/clientes/empresas/movigruas.jpg]
[arsem.com.ar/images/clientes/empresas/seis.jpg]
[arsem.com.ar/images/clientes/empresas/san-juan.jpg]
[arsem.com.ar/images/clientes/empresas/consultorios-cms.jpg]
[arsem.com.ar/images/clientes/empresas/air.jpg]
[arsem.com.ar/images/clientes/empresas/american-distribution.jpg]
[arsem.com.ar/images/clientes/empresas/martin.jpg]
[arsem.com.ar/images/clientes/empresas/alsina-parking.jpg]
[arsem.com.ar/images/clientes/empresas/aranzazu.jpg]
[arsem.com.ar/images/clientes/empresas/hotel-palmeras.jpg]
[arsem.com.ar/images/clientes/empresas/hotel-la-primavera.jpg]
[arsem.com.ar/images/clientes/empresas/club-social-la-rocca.jpg]
[arsem.com.ar/images/clientes/empresas/gallego.jpg]
[arsem.com.ar/images/clientes/empresas/galicia.jpg]
[arsem.com.ar/images/clientes/empresas/tango.jpg]
[arsem.com.ar/images/clientes/empresas/cepem.jpg]
[arsem.com.ar/images/clientes/empresas/cilana.jpg]
[arsem.com.ar/images/clientes/empresas/cine.jpg]
[arsem.com.ar/images/clientes/empresas/cristalys.jpg]
[arsem.com.ar/images/clientes/empresas/xioma.jpg]
[arsem.com.ar/images/clientes/empresas/dental-das.jpg]
[arsem.com.ar/images/clientes/empresas/dolz.jpg]
[arsem.com.ar/images/clientes/empresas/equilibrio.jpg]
[arsem.com.ar/images/clientes/empresas/esencia.jpg]
[arsem.com.ar/images/clientes/empresas/antigua-tierra.jpg]
[arsem.com.ar/images/clientes/empresas/santa-diabla.jpg]
[arsem.com.ar/images/clientes/empresas/fku.jpg]
[arsem.com.ar/images/clientes/empresas/feraval.jpg]
[arsem.com.ar/images/clientes/empresas/galeria-bostons.jpg]
[arsem.com.ar/images/clientes/empresas/pour-la-gallerie.jpg]
[arsem.com.ar/images/clientes/empresas/love-chuka.jpg]
[arsem.com.ar/images/clientes/empresas/glowfit.jpg]
[arsem.com.ar/images/clientes/empresas/giv.jpg]
[arsem.com.ar/images/clientes/empresas/hogar-obrero-cooperativa.jpg]
[arsem.com.ar/images/clientes/empresas/hostel-amable.jpg]
[arsem.com.ar/images/clientes/empresas/hotel-carlitos.jpg]
[arsem.com.ar/images/clientes/empresas/hotel-susurros.jpg]
[arsem.com.ar/images/clientes/empresas/palmeras.jpg]
[arsem.com.ar/images/clientes/empresas/intantis.jpg]
[arsem.com.ar/images/clientes/empresas/jardin.jpg]
[arsem.com.ar/images/clientes/empresas/rayo-laser.jpg]
[arsem.com.ar/images/clientes/empresas/restauracion.jpg]
[arsem.com.ar/images/clientes/empresas/ribbon.jpg]
[arsem.com.ar/images/clientes/empresas/perseo.jpg]
[arsem.com.ar/images/clientes/empresas/dac.jpg]
[arsem.com.ar/images/clientes/empresas/momentos-magicos.jpg]
[arsem.com.ar/images/clientes/empresas/salvame-maria.jpg]
[arsem.com.ar/images/clientes/empresas/monroe.jpg]
[arsem.com.ar/images/clientes/empresas/hope.jpg]
[arsem.com.ar/images/clientes/empresas/la-esquina-de-rojas.jpg]
[arsem.com.ar/images/clientes/empresas/tonio.jpg]
[arsem.com.ar/images/clientes/empresas/lanhil-saic.jpg]
[arsem.com.ar/images/clientes/empresas/hotel-naluma.jpg]
[arsem.com.ar/images/clientes/empresas/mouth-resto-sa.jpg]
[arsem.com.ar/images/clientes/empresas/mundo-fitness.jpg]
[arsem.com.ar/images/clientes/empresas/recoleta.jpg]
[arsem.com.ar/images/clientes/empresas/naon-tenis.jpg]
[arsem.com.ar/images/clientes/empresas/sagardi.jpg]
[arsem.com.ar/images/clientes/empresas/hotel-rosel.jpg]
[arsem.com.ar/images/clientes/empresas/franclima.jpg]
[arsem.com.ar/images/clientes/empresas/natural-can-srl.jpg]
[arsem.com.ar/images/clientes/empresas/ipsee-indumentaria.jpg]
[arsem.com.ar/images/clientes/empresas/lamarca-inversiones.jpg]
[arsem.com.ar/images/clientes/empresas/gran-norte-hotel.jpg]
[arsem.com.ar/images/clientes/empresas/campo-9-de-abril.jpg]
[arsem.com.ar/images/clientes/empresas/mattaldi-talabarteria.jpg]
[arsem.com.ar/clientes.html]
[arsem.com.ar/css/animate.min.css]
[arsem.com.ar/css/hover-min.css]
[arsem.com.ar/js/jquery.fittext.js]
[arsem.com.ar/js/wow.min.js]
[arsem.com.ar/js/creative.js]
[arsem.com.ar/dist/js/lightbox-plus-jquery.min.js]
[ajax.googleapis.com/ajax/libs/jquery/2.0.0/jquery.min.js]
[arsem.com.ar/contacto.html]
[arsem.com.ar/servicios.html]
[arsem.com.ar/contacto-2.html]
[arsem.com.ar/arsem-contact.html]
[arsem.com.ar/fonts/glyphicons-halflings-regular.eot]
[arsem.com.ar/fonts/glyphicons-halflings-regulard41d.eot]
[arsem.com.ar/fonts/glyphicons-halflings-regular.woff]
[arsem.com.ar/fonts/glyphicons-halflings-regular.ttf]
[arsem.com.ar/css/bootstrap.min.css]
[arsem.com.ar/fonts/glyphicons-halflings-regular.svg]
[arsem.com.ar/images/clientes.jpg]
[arsem.com.ar/images/contacto.jpg]
[arsem.com.ar/images/servicios.jpg]
[arsem.com.ar/images/seguridad-en-la-construccion-top.jpg]
[arsem.com.ar/images/consorcios-top.jpg]
[arsem.com.ar/images/planes-de-evacuacion-top.jpg]
[arsem.com.ar/images/medio-ambiente-top.jpg]
[arsem.com.ar/css/arsem.css]
[maxcdn.bootstrapcdn.com/font-awesome/4.4.0/css/font-awesome.min.css]
[maxcdn.bootstrapcdn.com/font-awesome/4.4.0/fonts/fontawesome-webfont93e3.svg]
[arsem.com.ar/font-awesome/fonts/fontawesome-webfont78ce.eot]
[arsem.com.ar/font-awesome/fonts/fontawesome-webfontd41d.eot]
[arsem.com.ar/font-awesome/fonts/fontawesome-webfont78ce.woff]
[arsem.com.ar/font-awesome/fonts/fontawesome-webfont78ce.ttf]
[arsem.com.ar/font-awesome/css/font-awesome.min.css]
[arsem.com.ar/dist/js/bind-polyfill.html]
[arsem.com.ar/font-awesome/fonts/fontawesome-webfont78ce.svg]
[arsem.com.ar/servicios.html]
[arsem.com.ar/css/animate.min.css]
[arsem.com.ar/css/hover-min.css]
[arsem.com.ar/dist/js/lightbox-plus-jquery.min.html]
[arsem.com.ar/arsem-contact.html]
[arsem.com.ar/fonts/glyphicons-halflings-regular.html]
[arsem.com.ar/fonts/glyphicons-halflings-regular.svg]
[maxcdn.bootstrapcdn.com/font-awesome/4.4.0/fonts/fontawesome-webfont93e3.svg]
[arsem.com.ar/font-awesome/fonts/fontawesome-webfont78ce.svg]
